2026-03-28T16:06:42.432-03:00  INFO 52772 --- [seguridadcalidad] [main] c.d.s.SeguridadcalidadApplicationTests   : Starting SeguridadcalidadApplicationTests using Java 21.0.9 with PID 52772 (started by cal in /Users/cal/Documents/Documentos - MacBook Air de Christian/Personal/Duoc/2026-201/cdy2203/seguridadcalidad)
2026-03-28T16:06:42.435-03:00  INFO 52772 --- [seguridadcalidad] [main] c.d.s.SeguridadcalidadApplicationTests   : No active profile set, falling back to 1 default profile: "default"
2026-03-28T16:06:42.863-03:00  INFO 52772 --- [seguridadcalidad] [main] r$InitializeUserDetailsManagerConfigurer : Global AuthenticationManager configured with UserDetailsService bean with name users
2026-03-28T16:06:43.021-03:00  INFO 52772 --- [seguridadcalidad] [main] c.d.s.SeguridadcalidadApplicationTests   : Started SeguridadcalidadApplicationTests in 0.703 seconds (process running for 1.121)
2026-03-28T16:09:16.464-03:00  INFO 66566 --- [seguridadcalidad] [main] c.d.s.InvoiceControllerTests             : Starting InvoiceControllerTests using Java 21.0.9 with PID 66566 (started by cal in /Users/cal/Documents/Documentos - MacBook Air de Christian/Personal/Duoc/2026-201/cdy2203/seguridadcalidad)
2026-03-28T16:09:16.465-03:00  INFO 66566 --- [seguridadcalidad] [main] c.d.s.InvoiceControllerTests             : No active profile set, falling back to 1 default profile: "default"
2026-03-28T16:09:17.258-03:00  INFO 66566 --- [seguridadcalidad] [main] r$InitializeUserDetailsManagerConfigurer : Global AuthenticationManager configured with UserDetailsService bean with name users
2026-03-28T16:09:17.426-03:00  INFO 66566 --- [seguridadcalidad] [main] o.s.b.t.m.w.SpringBootMockServletContext : Initializing Spring TestDispatcherServlet ''
2026-03-28T16:09:17.426-03:00  INFO 66566 --- [seguridadcalidad] [main] o.s.t.web.servlet.TestDispatcherServlet  : Initializing Servlet ''
2026-03-28T16:09:17.427-03:00  INFO 66566 --- [seguridadcalidad] [main] o.s.t.web.servlet.TestDispatcherServlet  : Completed initialization in 0 ms
2026-03-28T16:09:17.436-03:00  INFO 66566 --- [seguridadcalidad] [main] c.d.s.InvoiceControllerTests             : Started InvoiceControllerTests in 1.08 seconds (process running for 1.468)
2026-03-28T16:09:17.542-03:00  INFO 66566 --- [seguridadcalidad] [main] t.c.s.AnnotationConfigContextLoaderUtils : Could not detect default configuration classes for test class [com.duoc.seguridadcalidad.SeguridadcalidadApplicationTests]: SeguridadcalidadApplicationTests does not declare any static, non-private, non-final, nested classes annotated with @Configuration.
2026-03-28T16:09:17.543-03:00  INFO 66566 --- [seguridadcalidad] [main] .b.t.c.SpringBootTestContextBootstrapper : Found @SpringBootConfiguration com.duoc.seguridadcalidad.SeguridadcalidadApplication for test class com.duoc.seguridadcalidad.SeguridadcalidadApplicationTests
2026-03-28T16:09:17.556-03:00  INFO 66566 --- [seguridadcalidad] [main] c.d.s.SeguridadcalidadApplicationTests   : Starting SeguridadcalidadApplicationTests using Java 21.0.9 with PID 66566 (started by cal in /Users/cal/Documents/Documentos - MacBook Air de Christian/Personal/Duoc/2026-201/cdy2203/seguridadcalidad)
2026-03-28T16:09:17.557-03:00  INFO 66566 --- [seguridadcalidad] [main] c.d.s.SeguridadcalidadApplicationTests   : No active profile set, falling back to 1 default profile: "default"
2026-03-28T16:09:17.748-03:00  INFO 66566 --- [seguridadcalidad] [main] r$InitializeUserDetailsManagerConfigurer : Global AuthenticationManager configured with UserDetailsService bean with name users
2026-03-28T16:09:17.783-03:00  INFO 66566 --- [seguridadcalidad] [main] c.d.s.SeguridadcalidadApplicationTests   : Started SeguridadcalidadApplicationTests in 0.238 seconds (process running for 1.815)
2026-03-28T16:14:20.678-03:00  INFO 67281 --- [seguridadcalidad] [main] c.d.s.InvoiceControllerTests             : Starting InvoiceControllerTests using Java 21.0.9 with PID 67281 (started by cal in /Users/cal/Documents/Documentos - MacBook Air de Christian/Personal/Duoc/2026-201/cdy2203/seguridadcalidad)
2026-03-28T16:14:20.679-03:00  INFO 67281 --- [seguridadcalidad] [main] c.d.s.InvoiceControllerTests             : No active profile set, falling back to 1 default profile: "default"
2026-03-28T16:14:21.494-03:00  INFO 67281 --- [seguridadcalidad] [main] r$InitializeUserDetailsManagerConfigurer : Global AuthenticationManager configured with UserDetailsService bean with name users
2026-03-28T16:14:21.660-03:00  INFO 67281 --- [seguridadcalidad] [main] o.s.b.t.m.w.SpringBootMockServletContext : Initializing Spring TestDispatcherServlet ''
2026-03-28T16:14:21.660-03:00  INFO 67281 --- [seguridadcalidad] [main] o.s.t.web.servlet.TestDispatcherServlet  : Initializing Servlet ''
2026-03-28T16:14:21.661-03:00  INFO 67281 --- [seguridadcalidad] [main] o.s.t.web.servlet.TestDispatcherServlet  : Completed initialization in 1 ms
2026-03-28T16:14:21.670-03:00  INFO 67281 --- [seguridadcalidad] [main] c.d.s.InvoiceControllerTests             : Started InvoiceControllerTests in 1.098 seconds (process running for 1.476)
2026-03-28T16:14:21.768-03:00  INFO 67281 --- [seguridadcalidad] [main] t.c.s.AnnotationConfigContextLoaderUtils : Could not detect default configuration classes for test class [com.duoc.seguridadcalidad.SeguridadcalidadApplicationTests]: SeguridadcalidadApplicationTests does not declare any static, non-private, non-final, nested classes annotated with @Configuration.
2026-03-28T16:14:21.769-03:00  INFO 67281 --- [seguridadcalidad] [main] .b.t.c.SpringBootTestContextBootstrapper : Found @SpringBootConfiguration com.duoc.seguridadcalidad.SeguridadcalidadApplication for test class com.duoc.seguridadcalidad.SeguridadcalidadApplicationTests
2026-03-28T16:14:21.784-03:00  INFO 67281 --- [seguridadcalidad] [main] c.d.s.SeguridadcalidadApplicationTests   : Starting SeguridadcalidadApplicationTests using Java 21.0.9 with PID 67281 (started by cal in /Users/cal/Documents/Documentos - MacBook Air de Christian/Personal/Duoc/2026-201/cdy2203/seguridadcalidad)
2026-03-28T16:14:21.784-03:00  INFO 67281 --- [seguridadcalidad] [main] c.d.s.SeguridadcalidadApplicationTests   : No active profile set, falling back to 1 default profile: "default"
2026-03-28T16:14:21.974-03:00  INFO 67281 --- [seguridadcalidad] [main] r$InitializeUserDetailsManagerConfigurer : Global AuthenticationManager configured with UserDetailsService bean with name users
2026-03-28T16:14:22.008-03:00  INFO 67281 --- [seguridadcalidad] [main] c.d.s.SeguridadcalidadApplicationTests   : Started SeguridadcalidadApplicationTests in 0.236 seconds (process running for 1.814)
2026-03-28T16:16:56.802-03:00  INFO 67893 --- [seguridadcalidad] [main] c.d.s.InvoiceControllerTests             : Starting InvoiceControllerTests using Java 21.0.9 with PID 67893 (started by cal in /Users/cal/Documents/Documentos - MacBook Air de Christian/Personal/Duoc/2026-201/cdy2203/seguridadcalidad)
2026-03-28T16:16:56.803-03:00  INFO 67893 --- [seguridadcalidad] [main] c.d.s.InvoiceControllerTests             : No active profile set, falling back to 1 default profile: "default"
2026-03-28T16:16:57.609-03:00  INFO 67893 --- [seguridadcalidad] [main] r$InitializeUserDetailsManagerConfigurer : Global AuthenticationManager configured with UserDetailsService bean with name users
2026-03-28T16:16:57.805-03:00  INFO 67893 --- [seguridadcalidad] [main] o.s.b.t.m.w.SpringBootMockServletContext : Initializing Spring TestDispatcherServlet ''
2026-03-28T16:16:57.806-03:00  INFO 67893 --- [seguridadcalidad] [main] o.s.t.web.servlet.TestDispatcherServlet  : Initializing Servlet ''
2026-03-28T16:16:57.806-03:00  INFO 67893 --- [seguridadcalidad] [main] o.s.t.web.servlet.TestDispatcherServlet  : Completed initialization in 0 ms
2026-03-28T16:16:57.815-03:00  INFO 67893 --- [seguridadcalidad] [main] c.d.s.InvoiceControllerTests             : Started InvoiceControllerTests in 1.117 seconds (process running for 1.549)
2026-03-28T16:16:57.915-03:00  INFO 67893 --- [seguridadcalidad] [main] t.c.s.AnnotationConfigContextLoaderUtils : Could not detect default configuration classes for test class [com.duoc.seguridadcalidad.SeguridadcalidadApplicationTests]: SeguridadcalidadApplicationTests does not declare any static, non-private, non-final, nested classes annotated with @Configuration.
2026-03-28T16:16:57.915-03:00  INFO 67893 --- [seguridadcalidad] [main] .b.t.c.SpringBootTestContextBootstrapper : Found @SpringBootConfiguration com.duoc.seguridadcalidad.SeguridadcalidadApplication for test class com.duoc.seguridadcalidad.SeguridadcalidadApplicationTests
2026-03-28T16:16:57.931-03:00  INFO 67893 --- [seguridadcalidad] [main] c.d.s.SeguridadcalidadApplicationTests   : Starting SeguridadcalidadApplicationTests using Java 21.0.9 with PID 67893 (started by cal in /Users/cal/Documents/Documentos - MacBook Air de Christian/Personal/Duoc/2026-201/cdy2203/seguridadcalidad)
2026-03-28T16:16:57.931-03:00  INFO 67893 --- [seguridadcalidad] [main] c.d.s.SeguridadcalidadApplicationTests   : No active profile set, falling back to 1 default profile: "default"
2026-03-28T16:16:58.125-03:00  INFO 67893 --- [seguridadcalidad] [main] r$InitializeUserDetailsManagerConfigurer : Global AuthenticationManager configured with UserDetailsService bean with name users
2026-03-28T16:16:58.164-03:00  INFO 67893 --- [seguridadcalidad] [main] c.d.s.SeguridadcalidadApplicationTests   : Started SeguridadcalidadApplicationTests in 0.246 seconds (process running for 1.898)
2026-03-28T16:25:40.164-03:00  INFO 69555 --- [seguridadcalidad] [main] c.d.s.InvoiceControllerTests             : Starting InvoiceControllerTests using Java 21.0.9 with PID 69555 (started by cal in /Users/cal/Documents/Documentos - MacBook Air de Christian/Personal/Duoc/2026-201/cdy2203/seguridadcalidad)
2026-03-28T16:25:40.168-03:00  INFO 69555 --- [seguridadcalidad] [main] c.d.s.InvoiceControllerTests             : No active profile set, falling back to 1 default profile: "default"
2026-03-28T16:25:40.991-03:00  INFO 69555 --- [seguridadcalidad] [main] r$InitializeUserDetailsManagerConfigurer : Global AuthenticationManager configured with UserDetailsService bean with name users
2026-03-28T16:25:41.162-03:00  INFO 69555 --- [seguridadcalidad] [main] o.s.b.t.m.w.SpringBootMockServletContext : Initializing Spring TestDispatcherServlet ''
2026-03-28T16:25:41.163-03:00  INFO 69555 --- [seguridadcalidad] [main] o.s.t.web.servlet.TestDispatcherServlet  : Initializing Servlet ''
2026-03-28T16:25:41.163-03:00  INFO 69555 --- [seguridadcalidad] [main] o.s.t.web.servlet.TestDispatcherServlet  : Completed initialization in 0 ms
2026-03-28T16:25:41.174-03:00  INFO 69555 --- [seguridadcalidad] [main] c.d.s.InvoiceControllerTests             : Started InvoiceControllerTests in 1.113 seconds (process running for 1.539)
2026-03-28T16:25:41.272-03:00  INFO 69555 --- [seguridadcalidad] [main] t.c.s.AnnotationConfigContextLoaderUtils : Could not detect default configuration classes for test class [com.duoc.seguridadcalidad.SeguridadcalidadApplicationTests]: SeguridadcalidadApplicationTests does not declare any static, non-private, non-final, nested classes annotated with @Configuration.
2026-03-28T16:25:41.273-03:00  INFO 69555 --- [seguridadcalidad] [main] .b.t.c.SpringBootTestContextBootstrapper : Found @SpringBootConfiguration com.duoc.seguridadcalidad.SeguridadcalidadApplication for test class com.duoc.seguridadcalidad.SeguridadcalidadApplicationTests
2026-03-28T16:25:41.286-03:00  INFO 69555 --- [seguridadcalidad] [main] c.d.s.SeguridadcalidadApplicationTests   : Starting SeguridadcalidadApplicationTests using Java 21.0.9 with PID 69555 (started by cal in /Users/cal/Documents/Documentos - MacBook Air de Christian/Personal/Duoc/2026-201/cdy2203/seguridadcalidad)
2026-03-28T16:25:41.287-03:00  INFO 69555 --- [seguridadcalidad] [main] c.d.s.SeguridadcalidadApplicationTests   : No active profile set, falling back to 1 default profile: "default"
2026-03-28T16:25:41.495-03:00  INFO 69555 --- [seguridadcalidad] [main] r$InitializeUserDetailsManagerConfigurer : Global AuthenticationManager configured with UserDetailsService bean with name users
2026-03-28T16:25:41.531-03:00  INFO 69555 --- [seguridadcalidad] [main] c.d.s.SeguridadcalidadApplicationTests   : Started SeguridadcalidadApplicationTests in 0.256 seconds (process running for 1.896)
2026-05-04T18:20:46.892-04:00  INFO 16616 --- [seguridadcalidad] [main] c.d.s.InvoiceControllerTests             : Starting InvoiceControllerTests using Java 21.0.10 with PID 16616 (started by Andrea in C:\Users\Andrea\Documents\DUOC ANALISTA PROGRAMADOR\0011 SEGURIDAD Y CALIDAD\Semana 08 Seguridad y Calidad\Sem8\frontend)
2026-05-04T18:20:46.900-04:00  INFO 16616 --- [seguridadcalidad] [main] c.d.s.InvoiceControllerTests             : No active profile set, falling back to 1 default profile: "default"
2026-05-04T18:20:51.558-04:00  INFO 16616 --- [seguridadcalidad] [main] r$InitializeUserDetailsManagerConfigurer : Global AuthenticationManager configured with UserDetailsService bean with name users
2026-05-04T18:20:53.845-04:00  INFO 16616 --- [seguridadcalidad] [main] o.s.b.t.m.w.SpringBootMockServletContext : Initializing Spring TestDispatcherServlet ''
2026-05-04T18:20:53.848-04:00  INFO 16616 --- [seguridadcalidad] [main] o.s.t.web.servlet.TestDispatcherServlet  : Initializing Servlet ''
2026-05-04T18:20:53.904-04:00  INFO 16616 --- [seguridadcalidad] [main] o.s.t.web.servlet.TestDispatcherServlet  : Completed initialization in 56 ms
2026-05-04T18:20:54.160-04:00  INFO 16616 --- [seguridadcalidad] [main] c.d.s.InvoiceControllerTests             : Started InvoiceControllerTests in 9.078 seconds (process running for 24.53)
2026-05-04T18:20:55.905-04:00  INFO 16616 --- [seguridadcalidad] [main] t.c.s.AnnotationConfigContextLoaderUtils : Could not detect default configuration classes for test class [com.duoc.seguridadcalidad.SeguridadcalidadApplicationTests]: SeguridadcalidadApplicationTests does not declare any static, non-private, non-final, nested classes annotated with @Configuration.
2026-05-04T18:20:55.911-04:00  INFO 16616 --- [seguridadcalidad] [main] .b.t.c.SpringBootTestContextBootstrapper : Found @SpringBootConfiguration com.duoc.seguridadcalidad.SeguridadcalidadApplication for test class com.duoc.seguridadcalidad.SeguridadcalidadApplicationTests
2026-05-04T18:20:56.136-04:00  INFO 16616 --- [seguridadcalidad] [main] c.d.s.SeguridadcalidadApplicationTests   : Starting SeguridadcalidadApplicationTests using Java 21.0.10 with PID 16616 (started by Andrea in C:\Users\Andrea\Documents\DUOC ANALISTA PROGRAMADOR\0011 SEGURIDAD Y CALIDAD\Semana 08 Seguridad y Calidad\Sem8\frontend)
2026-05-04T18:20:56.138-04:00  INFO 16616 --- [seguridadcalidad] [main] c.d.s.SeguridadcalidadApplicationTests   : No active profile set, falling back to 1 default profile: "default"
2026-05-04T18:20:57.281-04:00  INFO 16616 --- [seguridadcalidad] [main] r$InitializeUserDetailsManagerConfigurer : Global AuthenticationManager configured with UserDetailsService bean with name users
2026-05-04T18:20:57.566-04:00  INFO 16616 --- [seguridadcalidad] [main] c.d.s.SeguridadcalidadApplicationTests   : Started SeguridadcalidadApplicationTests in 1.624 seconds (process running for 27.948)
2026-05-04T22:04:53.176-04:00  INFO 21200 --- [seguridadcalidad] [main] c.d.s.PatientRestControllerTest          : Starting PatientRestControllerTest using Java 21.0.10 with PID 21200 (started by Andrea in C:\Users\Andrea\Documents\DUOC ANALISTA PROGRAMADOR\0011 SEGURIDAD Y CALIDAD\Semana 08 Seguridad y Calidad\Sem8\frontend)
2026-05-04T22:04:53.183-04:00  INFO 21200 --- [seguridadcalidad] [main] c.d.s.PatientRestControllerTest          : No active profile set, falling back to 1 default profile: "default"
2026-05-04T22:05:06.391-04:00  WARN 21200 --- [seguridadcalidad] [main] .s.a.UserDetailsServiceAutoConfiguration : 

Using generated security password: af8154f2-a54c-4bfb-a225-2c56ab1ac028

This generated password is for development use only. Your security configuration must be updated before running your application in production.

2026-05-04T22:05:06.751-04:00  INFO 21200 --- [seguridadcalidad] [main] r$InitializeUserDetailsManagerConfigurer : Global AuthenticationManager configured with UserDetailsService bean with name inMemoryUserDetailsManager
2026-05-04T22:05:09.853-04:00  INFO 21200 --- [seguridadcalidad] [main] o.s.b.t.m.w.SpringBootMockServletContext : Initializing Spring TestDispatcherServlet ''
2026-05-04T22:05:09.858-04:00  INFO 21200 --- [seguridadcalidad] [main] o.s.t.web.servlet.TestDispatcherServlet  : Initializing Servlet ''
2026-05-04T22:05:09.879-04:00  INFO 21200 --- [seguridadcalidad] [main] o.s.t.web.servlet.TestDispatcherServlet  : Completed initialization in 17 ms
2026-05-04T22:05:10.079-04:00  INFO 21200 --- [seguridadcalidad] [main] c.d.s.PatientRestControllerTest          : Started PatientRestControllerTest in 19.713 seconds (process running for 31.619)
2026-05-04T22:05:11.019-04:00  WARN 21200 --- [seguridadcalidad] [main] .w.s.m.s.DefaultHandlerExceptionResolver : Resolved [org.springframework.http.converter.HttpMessageNotReadableException: JSON parse error: Unexpected character ('i' (code 105)): was expecting double-quote to start property name]
2026-05-04T22:05:11.463-04:00  WARN 21200 --- [seguridadcalidad] [main] c.d.s.PatientRestController              : POST /api/patients missing authentication token
2026-05-04T22:05:13.669-04:00  WARN 21200 --- [seguridadcalidad] [main] c.d.s.PatientRestController              : GET /api/patients missing authentication token
2026-05-04T22:05:13.821-04:00  INFO 21200 --- [seguridadcalidad] [main] t.c.s.AnnotationConfigContextLoaderUtils : Could not detect default configuration classes for test class [com.duoc.seguridadcalidad.PetRestControllerTest]: PetRestControllerTest does not declare any static, non-private, non-final, nested classes annotated with @Configuration.
2026-05-04T22:05:13.977-04:00  INFO 21200 --- [seguridadcalidad] [main] .b.t.c.SpringBootTestContextBootstrapper : Found @SpringBootConfiguration com.duoc.seguridadcalidad.SeguridadcalidadApplication for test class com.duoc.seguridadcalidad.PetRestControllerTest
2026-05-04T22:05:14.492-04:00  INFO 21200 --- [seguridadcalidad] [main] c.d.s.PetRestControllerTest              : Starting PetRestControllerTest using Java 21.0.10 with PID 21200 (started by Andrea in C:\Users\Andrea\Documents\DUOC ANALISTA PROGRAMADOR\0011 SEGURIDAD Y CALIDAD\Semana 08 Seguridad y Calidad\Sem8\frontend)
2026-05-04T22:05:14.495-04:00  INFO 21200 --- [seguridadcalidad] [main] c.d.s.PetRestControllerTest              : No active profile set, falling back to 1 default profile: "default"
2026-05-04T22:05:16.746-04:00  WARN 21200 --- [seguridadcalidad] [main] .s.a.UserDetailsServiceAutoConfiguration : 

Using generated security password: bfac39e3-2bbd-4fc7-8213-5d59f874fec2

This generated password is for development use only. Your security configuration must be updated before running your application in production.

2026-05-04T22:05:16.815-04:00  INFO 21200 --- [seguridadcalidad] [main] r$InitializeUserDetailsManagerConfigurer : Global AuthenticationManager configured with UserDetailsService bean with name inMemoryUserDetailsManager
2026-05-04T22:05:17.059-04:00  INFO 21200 --- [seguridadcalidad] [main] o.s.b.t.m.w.SpringBootMockServletContext : Initializing Spring TestDispatcherServlet ''
2026-05-04T22:05:17.060-04:00  INFO 21200 --- [seguridadcalidad] [main] o.s.t.web.servlet.TestDispatcherServlet  : Initializing Servlet ''
2026-05-04T22:05:17.069-04:00  INFO 21200 --- [seguridadcalidad] [main] o.s.t.web.servlet.TestDispatcherServlet  : Completed initialization in 8 ms
2026-05-04T22:05:17.141-04:00  INFO 21200 --- [seguridadcalidad] [main] c.d.s.PetRestControllerTest              : Started PetRestControllerTest in 3.09 seconds (process running for 38.681)
2026-05-04T22:05:17.257-04:00  WARN 21200 --- [seguridadcalidad] [main] .w.s.m.s.DefaultHandlerExceptionResolver : Resolved [org.springframework.http.converter.HttpMessageNotReadableException: JSON parse error: Unexpected character ('i' (code 105)): was expecting double-quote to start property name]
2026-05-04T22:05:17.852-04:00  WARN 21200 --- [seguridadcalidad] [main] c.d.seguridadcalidad.PetRestController   : POST /api/pets missing authentication token
2026-05-04T22:05:17.990-04:00  WARN 21200 --- [seguridadcalidad] [main] c.d.seguridadcalidad.PetRestController   : PUT /api/pets/7 missing authentication token
2026-05-04T22:05:18.185-04:00  WARN 21200 --- [seguridadcalidad] [main] c.d.seguridadcalidad.PetRestController   : DELETE /api/pets/11 missing authentication token
